{
    "Should run without failures": {
        "content": [
            {
                "0": [
                    "hello-output.txt:md5,b1946ac92492d2347c6235b4d2611184"
                ]
            }
        ],
        "meta": {
            "nf-test": "0.9.2",
            "nextflow": "24.10.0"
        },
        "timestamp": "2025-02-19T11:52:09.690504479"
    }
}