{
    "Should run without failures and produce correct output": {
        "content": [
            {
                "0": [
                    "UPPER-greetings.csv:md5,2985c521c6b7ed5c97946d6356a5fe64"
                ]
            }
        ],
        "timestamp": "2026-06-08T10:35:50.126073832",
        "meta": {
            "nf-test": "0.9.5",
            "nextflow": "25.10.4"
        }
    }
}
